[backblue.gif]
[fade.gif]
[index.html]
[localhost/favicon.ico]
[localhost/skins/defaultFlash/head.swf]
[localhost/images/icons/23.gif]
[localhost/images/icons/21.gif]
[localhost/images/icons/16.gif]
[localhost/feed6b86.asp]
[localhost/images/rss.png]
[localhost/images/icons/12.gif]
[localhost/feedf661.asp]
[localhost/images/icons/13.gif]
[js.users.51.la/968619.js]
[localhost/images/xhtml.png]
[localhost/images/css.png]
[localhost/feed.asp]
[localhost/images/rss2.png]
[localhost/atom.asp]
[localhost/images/atom.png]
[localhost/images/firefox.gif]
[localhost/images/cc.png]
[localhost/index.html]
[localhost/skins/defaultFlash/global.css]
[localhost/skins/defaultFlash/main.jpg]
[localhost/skins/defaultFlash/topbar.png]
[localhost/skins/defaultFlash/menu_main.jpg]
[localhost/skins/defaultFlash/menu_div.png]
[localhost/skins/defaultFlash/left_main.png]
[localhost/skins/defaultFlash/left_top.png]
[localhost/skins/defaultFlash/left_bottom.png]
[localhost/skins/defaultFlash/sidebar.gif]
[localhost/skins/defaultFlash/right_main.png]
[localhost/skins/defaultFlash/right_top.png]
[localhost/skins/defaultFlash/right_bottom.png]
[localhost/images/BttnLeft.gif]
[localhost/images/BttnRight.gif]
[localhost/skins/defaultFlash/title_main.png]
[localhost/skins/defaultFlash/title_left.png]
[localhost/skins/defaultFlash/title_right.png]
[localhost/skins/defaultFlash/dot.png]
[localhost/skins/defaultFlash/ubbback.gif]
[localhost/images/Message.jpg]
[localhost/images/Error.jpg]
[localhost/images/Warning.jpg]
[localhost/images/Question.jpg]
[localhost/skins/defaultFlash/layout.css]
[localhost/images/BttnCllps.gif]
[localhost/images/BttnExpnd.gif]
[localhost/images/nicetitlebg.jpg]
[localhost/skins/defaultFlash/typography.css]
[localhost/skins/defaultFlash/arrow.gif]
[localhost/skins/defaultFlash/bullet-arrow.gif]
[localhost/images/tools.gif]
[localhost/images/mm_snd.gif]
[localhost/images/MyFa.gif]
[localhost/images/ico_skdaq.gif]
[localhost/images/icon_normal.gif]
[localhost/images/icon_topic.gif]
[localhost/images/icon_offsite_red.gif]
[localhost/skins/defaultFlash/link.css]
[localhost/skins/defaultFlash/UBB/bar.gif]
[localhost/skins/defaultFlash/UBB/editor.css]
[localhost/images/mm_snd_stop.gif]
[localhost/common/getCode1919.gif]
[localhost/common/common.js]
[localhost/default.html]
[localhost/images/image.gif]
[localhost/tag.html]
[localhost/default6b86.html]
[localhost/defaultf661.html]
[localhost/images/icon_quote.gif]
[localhost/Plugins/GuestBook/face/face5.gif]
[localhost/Plugins/GuestBook/face/face1.gif]
[localhost/images/reply.gif]
[localhost/Plugins/GuestBook/face/face7.gif]
[localhost/Plugins/GuestBook/face/face6.gif]
[localhost/common/getcode1919-2.gif]
[localhost/Plugins/GuestBook/face/face2.gif]
[localhost/Plugins/GuestBook/face/face3.gif]
[localhost/Plugins/GuestBook/face/face4.gif]
[localhost/images/smilies/Face_01.gif]
[localhost/images/smilies/Face_02.gif]
[localhost/images/smilies/Face_03.gif]
[localhost/images/smilies/Face_04.gif]
[localhost/images/smilies/Face_05.gif]
[localhost/images/smilies/Face_06.gif]
[localhost/images/smilies/Face_07.gif]
[localhost/images/smilies/Face_08.gif]
[localhost/images/smilies/Face_09.gif]
[localhost/images/smilies/Face_10.gif]
[localhost/images/smilies/Face_11.gif]
[localhost/images/smilies/Face_12.gif]
[localhost/images/smilies/Face_13.gif]
[localhost/images/smilies/Face_14.gif]
[localhost/images/smilies/Face_15.gif]
[localhost/images/smilies/Face_16.gif]
[localhost/images/smilies/Face_17.gif]
[localhost/images/smilies/Face_18.gif]
[localhost/images/smilies/Face_19.gif]
[localhost/images/smilies/Face_20.gif]
[localhost/images/smilies/Face_21.gif]
[localhost/images/smilies/Face_22.gif]
[localhost/images/smilies/Face_23.gif]
[localhost/images/smilies/Face_24.gif]
[localhost/images/smilies/Face_25.gif]
[localhost/images/smilies/Face_26.gif]
[localhost/images/smilies/Face_27.gif]
[localhost/images/smilies/Face_28.gif]
[localhost/images/smilies/Face_29.gif]
[localhost/images/smilies/Face_30.gif]
[localhost/images/smilies/Face_31.gif]
[localhost/images/smilies/Face_32.gif]
[localhost/images/smilies/Face_33.gif]
[localhost/images/smilies/Face_34.gif]
[localhost/images/smilies/Face_35.gif]
[localhost/images/smilies/Face_36.gif]
[localhost/images/smilies/Face_48.gif]
[localhost/images/smilies/Face_49.gif]
[localhost/images/smilies/Face_50.gif]
[localhost/images/smilies/Face_51.gif]
[localhost/images/smilies/Face_69.gif]
[localhost/images/smilies/Face_72.gif]
[localhost/images/smilies/Face_73.gif]
[localhost/images/smilies/Face_76.gif]
[localhost/images/smilies/Face_78.gif]
[localhost/images/smilies/Face_68.gif]
[localhost/images/smilies/Face_75.gif]
[localhost/images/smilies/Face_53.gif]
[localhost/LoadModee90.html]
[localhost/default2b0f.html]
[localhost/defaulted33.html]
[localhost/login.html]
[localhost/register.html]
[localhost/images/search.gif]
[localhost/searchdf74.html]
[localhost/search0741.html]
[localhost/images/quote.gif]
[localhost/images/noemail.gif]
[localhost/images/nourl.gif]
[localhost/images/nooicq.gif]
[localhost/images/url.gif]
[localhost/member.html]
[localhost/images/Cprevious.gif]
[localhost/images/Cnext.gif]
[localhost/images/weather/hn2_cloudy.gif]
[localhost/images/weather/hn2_t_cloudy.gif]
[localhost/images/level5.gif]
[www.265g.com/travianal/download/travianal1529.c9.delayed]
[licensebuttons.net/l/by-nc/2.5/ca/88x31.png]
[www.265g.com/travianal/attachments/month_0710/42007102213929.rar]
[localhost/images/From.gif]
[localhost/images/icon_trackback.gif]
[localhost/trackback3760.asp]
[localhost/images/tag.gif]
[localhost/article0b30.html]
[localhost/images/Cprevious1.gif]
[localhost/images/weather/hn2_flurries.gif]
[localhost/images/weather/hn2_t_flurries.gif]
[www.265g.com/travianal/download/travianal152.zip]
[www.265g.com/travianal/download/travianal1521.zip]
[www.265g.com/travianal/attachments/month_0710/42007102213928.rar]
[localhost/trackback4f46.asp]
[localhost/article681a.html]
[localhost/default45e7.html]
[localhost/defaultc109.html]
[localhost/default4b0b.html]
[localhost/default684d.html]
[www.265g.com/images/265g_logo.gif]
[localhost/images/html.gif]
[localhost/bloglink.html]
[localhost/getValidateKey5eac.html]
[localhost/defaultc43d.html]
[localhost/defaulte783.html]
[localhost/default16bc.html]
[localhost/default6db7.html]
[localhost/defaultb625.html]
[localhost/default8a79.html]
[localhost/memberad3b.html]
[localhost/membere524.html]
[localhost/member8c5e.html]
[localhost/membere976.html]
[localhost/memberb9c4.html]
[localhost/member216a.html]
[localhost/memberc702.html]
[localhost/common/UBBCode.js]
[localhost/common/UBBCode_help.js]
[localhost/default73d2.html]
[localhost/default0935.html]
[localhost/default4547.html]
[localhost/search1af1.html]
[localhost/searchf549.html]
[localhost/search739a.html]
[localhost/search7c83.html]
[localhost/member4ca8.html]
[localhost/member0ba9.html]
[localhost/memberd835.html]
[localhost/member6b9e.html]
[localhost/member8ec8.html]
[localhost/membercb0c.html]
[localhost/memberab46.html]
[localhost/memberd564.html]
[localhost/member309e.html]
[localhost/和平之战.html]
[localhost/member6c9b.html]
[localhost/memberb260.html]
[localhost/member653e.html]
[localhost/member45b4.html]
[localhost/memberec1c.html]
[localhost/memberde2d.html]
[localhost/member4565.html]
[localhost/member8dcb.html]
[localhost/member89a3.html]
[localhost/images/email.gif]
[localhost/images/oicq.gif]
[localhost/member4658.html]
[localhost/showmsg.html]
[www.265g.com/travianal/download/travianal1529.html]
[www.265g.com/travianal/attachments/month_0710/42007102213929.html]
[localhost/www.265g.com/travianal/images/download.html]
[localhost/article96e2.html]
[localhost/member3906.html]
[localhost/member9e63.html]
[localhost/member00fb.html]
[www.265g.com/travianal/download/travianal152.html]
[www.265g.com/travianal/download/travianal1521.html]
[www.265g.com/travianal/attachments/month_0710/42007102213928.html]
[localhost/article1447.html]
[localhost/article6635.html]
[localhost/memberbb05.html]
[localhost/member5d0b.html]
[localhost/member6cfe.html]
[localhost/member4b7e.html]
[localhost/member252f.html]
[localhost/member6204.html]
[localhost/member7cea.html]
[localhost/memberc55e.html]
[localhost/default849a.html]
[localhost/defaultab3d.html]
[localhost/default7223.html]
[localhost/default0ac5.html]
[localhost/defaulte270.html]
[localhost/default2028.html]
[localhost/default9caa.html]
[localhost/default8274.html]
[localhost/default4375.html]
[localhost/defaultf951.html]
[www.265g.com/images/265g_logo.html]
[localhost/default1d8d.html]
[localhost/default58ed.html]
[localhost/defaulte08e.html]
[localhost/default269b.html]
[localhost/default1b22.html]
[localhost/defaulta606.html]
[localhost/common/UBBCode_IE.js]
[localhost/common/UBBCode_Gecko.js]
[localhost/defaultbe12.html]
[localhost/default47f4.html]
[localhost/search2ac6.html]
[localhost/member3139.html]
[localhost/member2679.html]
[localhost/articlea4ec.html]
[localhost/membered44.html]
[localhost/article025f.html]
[localhost/member83a3.html]
[localhost/memberae34.html]
[localhost/memberae3c.html]
[localhost/member08d6.html]
[localhost/member614c.html]
[localhost/member001f.html]
[localhost/member04de.html]
[localhost/defaultab31.html]
[localhost/default1d6d.html]
[localhost/default63a9.html]
[localhost/defaultd3b3.html]
[localhost/defaultf641.html]
[localhost/default6f8a.html]
[localhost/default9dc7.html]
[localhost/default49cf.html]
[localhost/default0a84.html]
[js.tongji.yahoo.com.cn/0/45/499/ystat.js]
[js.tongji.yahoo.com.cn/0/45/499/ystat.gif]
[stat.aliunion.cn.yahoo.com/stat1d2a.js]
[localhost/common/common/Code/Code.html]
[localhost/common/common/HTMLUBB.html]
[localhost/defaultc88e.html]
[localhost/default72ea.html]
[localhost/default883e.html]
[localhost/defaulta292.html]
[localhost/defaultefce.html]
[localhost/default40d6.html]
[localhost/default8a11.html]
[localhost/default3f61.html]
[localhost/defaulta629.html]
[localhost/default9915.html]
[localhost/default8206.html]
[localhost/default939d.html]
[localhost/defaultc1fb.html]
[localhost/defaultc70f.html]
[localhost/default6551.html]
[localhost/default039d.html]
[localhost/default91a6.html]
[localhost/defaulteb73.html]
[localhost/defaulte3e5.html]
[localhost/default3d2c.html]
[localhost/defaultd720.html]
[localhost/default6f51.html]
[localhost/default2e44.html]
[localhost/default93a2.html]
[localhost/defaultd956.html]
[localhost/defaultddd3.html]
[localhost/default65a7.html]
[localhost/defaultee99.html]
[localhost/default7f2a.html]
[localhost/default14d9.html]
[localhost/default8675.html]
[localhost/defaultd81a.html]
[localhost/defaultc41a.html]
[localhost/default9174.html]
[localhost/default3828.html]
[localhost/defaultca88.html]
[localhost/default1146.html]
[localhost/default44c1.html]
[localhost/defaultdbb0.html]
[localhost/default8366.html]
[localhost/default33e1.html]
[localhost/default1e07.html]
[localhost/default1b29.html]
[localhost/default308e.html]
[localhost/default10b6.html]
[localhost/default315e.html]
[localhost/defaulta797.html]
[localhost/defaultb403.html]
[localhost/default576b.html]
[localhost/defaultc2fa.html]
[localhost/defaulte65e.html]
[localhost/default97e4.html]
[localhost/default3772.html]
[localhost/default48ba.html]
[localhost/default1b0d.html]
[localhost/default1fbf.html]
[localhost/default2211.html]
[localhost/default03fa.html]
[localhost/default1786.html]
[localhost/default8916.html]
[localhost/defaultc2ee.html]
[localhost/defaultb186.html]
[localhost/default18d9.html]
[localhost/default7b57.html]
